// Vitest Snapshot v1, https://vitest.dev/guide/snapshot.html

exports[`CommandHandler (component) > command structure snapshots > should have stable /admin command structure > admin-command-options 1`] = `
[
  {
    "description": "Check bot responsiveness and latency",
    "description_localizations": undefined,
    "name": "ping",
    "name_localizations": undefined,
    "options": [],
    "type": 1,
  },
  {
    "description": "Trigger bidirectional database synchronization",
    "description_localizations": undefined,
    "name": "db-sync",
    "name_localizations": undefined,
    "options": [
      {
        "description": "Preview changes without applying them",
        "description_localizations": undefined,
        "name": "dry-run",
        "name_localizations": undefined,
        "required": false,
        "type": 5,
      },
    ],
    "type": 1,
  },
  {
    "description": "List all servers the bot is in",
    "description_localizations": undefined,
    "name": "servers",
    "name_localizations": undefined,
    "options": [],
    "type": 1,
  },
  {
    "description": "Remove the bot from a server",
    "description_localizations": undefined,
    "name": "kick",
    "name_localizations": undefined,
    "options": [
      {
        "autocomplete": true,
        "choices": undefined,
        "description": "Discord server to leave",
        "description_localizations": undefined,
        "max_length": undefined,
        "min_length": undefined,
        "name": "server-id",
        "name_localizations": undefined,
        "required": true,
        "type": 3,
      },
    ],
    "type": 1,
  },
  {
    "description": "View API usage statistics",
    "description_localizations": undefined,
    "name": "usage",
    "name_localizations": undefined,
    "options": [
      {
        "autocomplete": undefined,
        "choices": [
          {
            "name": "Last 24 hours",
            "name_localizations": undefined,
            "value": "24h",
          },
          {
            "name": "Last 7 days",
            "name_localizations": undefined,
            "value": "7d",
          },
          {
            "name": "Last 30 days",
            "name_localizations": undefined,
            "value": "30d",
          },
        ],
        "description": "Time period for stats",
        "description_localizations": undefined,
        "max_length": undefined,
        "min_length": undefined,
        "name": "period",
        "name_localizations": undefined,
        "required": false,
        "type": 3,
      },
    ],
    "type": 1,
  },
  {
    "description": "Clean up old conversation history and tombstones",
    "description_localizations": undefined,
    "name": "cleanup",
    "name_localizations": undefined,
    "options": [
      {
        "autocomplete": undefined,
        "choices": undefined,
        "description": "Keep history from the last N days (default: 30)",
        "description_localizations": undefined,
        "max_value": 365,
        "min_value": 1,
        "name": "days",
        "name_localizations": undefined,
        "required": false,
        "type": 4,
      },
      {
        "autocomplete": undefined,
        "choices": [
          {
            "name": "All (history + tombstones)",
            "name_localizations": undefined,
            "value": "all",
          },
          {
            "name": "History only",
            "name_localizations": undefined,
            "value": "history",
          },
          {
            "name": "Tombstones only",
            "name_localizations": undefined,
            "value": "tombstones",
          },
        ],
        "description": "What to clean up (default: all)",
        "description_localizations": undefined,
        "max_length": undefined,
        "min_length": undefined,
        "name": "target",
        "name_localizations": undefined,
        "required": false,
        "type": 3,
      },
    ],
    "type": 1,
  },
  {
    "description": "Open global settings dashboard",
    "description_localizations": undefined,
    "name": "settings",
    "name_localizations": undefined,
    "options": [],
    "type": 1,
  },
  {
    "description": "View stop sequence activation statistics",
    "description_localizations": undefined,
    "name": "stop-sequences",
    "name_localizations": undefined,
    "options": [],
    "type": 1,
  },
  {
    "description": "Check bot health and connected services",
    "description_localizations": undefined,
    "name": "health",
    "name_localizations": undefined,
    "options": [],
    "type": 1,
  },
  {
    "description": "Set or view the bot presence (activity status)",
    "description_localizations": undefined,
    "name": "presence",
    "name_localizations": undefined,
    "options": [
      {
        "autocomplete": undefined,
        "choices": [
          {
            "name": "Custom Status",
            "name_localizations": undefined,
            "value": 4,
          },
          {
            "name": "Playing",
            "name_localizations": undefined,
            "value": 0,
          },
          {
            "name": "Listening to",
            "name_localizations": undefined,
            "value": 2,
          },
          {
            "name": "Watching",
            "name_localizations": undefined,
            "value": 3,
          },
          {
            "name": "Competing in",
            "name_localizations": undefined,
            "value": 5,
          },
          {
            "name": "None (clear)",
            "name_localizations": undefined,
            "value": 99,
          },
        ],
        "description": "Activity type",
        "description_localizations": undefined,
        "max_value": undefined,
        "min_value": undefined,
        "name": "type",
        "name_localizations": undefined,
        "required": false,
        "type": 4,
      },
      {
        "autocomplete": undefined,
        "choices": undefined,
        "description": "Activity text (e.g., "with fire")",
        "description_localizations": undefined,
        "max_length": undefined,
        "min_length": undefined,
        "name": "text",
        "name_localizations": undefined,
        "required": false,
        "type": 3,
      },
    ],
    "type": 1,
  },
]
`;

exports[`CommandHandler (component) > command structure snapshots > should have stable /character command structure > character-command-options 1`] = `
[
  {
    "description": "Create a new AI character",
    "description_localizations": undefined,
    "name": "create",
    "name_localizations": undefined,
    "options": [],
    "type": 1,
  },
  {
    "description": "Edit an existing AI character",
    "description_localizations": undefined,
    "name": "edit",
    "name_localizations": undefined,
    "options": [
      {
        "autocomplete": true,
        "choices": undefined,
        "description": "Character to edit",
        "description_localizations": undefined,
        "max_length": undefined,
        "min_length": undefined,
        "name": "character",
        "name_localizations": undefined,
        "required": true,
        "type": 3,
      },
    ],
    "type": 1,
  },
  {
    "description": "View character details",
    "description_localizations": undefined,
    "name": "view",
    "name_localizations": undefined,
    "options": [
      {
        "autocomplete": true,
        "choices": undefined,
        "description": "Character to view",
        "description_localizations": undefined,
        "max_length": undefined,
        "min_length": undefined,
        "name": "character",
        "name_localizations": undefined,
        "required": true,
        "type": 3,
      },
    ],
    "type": 1,
  },
  {
    "description": "Browse and search characters",
    "description_localizations": undefined,
    "name": "browse",
    "name_localizations": undefined,
    "options": [
      {
        "autocomplete": undefined,
        "choices": undefined,
        "description": "Search by name or description",
        "description_localizations": undefined,
        "max_length": undefined,
        "min_length": undefined,
        "name": "query",
        "name_localizations": undefined,
        "required": false,
        "type": 3,
      },
      {
        "autocomplete": undefined,
        "choices": [
          {
            "name": "All Characters",
            "name_localizations": undefined,
            "value": "all",
          },
          {
            "name": "My Characters",
            "name_localizations": undefined,
            "value": "mine",
          },
          {
            "name": "Public Only",
            "name_localizations": undefined,
            "value": "public",
          },
        ],
        "description": "Filter characters by type",
        "description_localizations": undefined,
        "max_length": undefined,
        "min_length": undefined,
        "name": "filter",
        "name_localizations": undefined,
        "required": false,
        "type": 3,
      },
    ],
    "type": 1,
  },
  {
    "description": "Upload or change a character avatar",
    "description_localizations": undefined,
    "name": "avatar",
    "name_localizations": undefined,
    "options": [
      {
        "autocomplete": true,
        "choices": undefined,
        "description": "Character to update",
        "description_localizations": undefined,
        "max_length": undefined,
        "min_length": undefined,
        "name": "character",
        "name_localizations": undefined,
        "required": true,
        "type": 3,
      },
      {
        "description": "Avatar image (PNG, JPG, GIF, WebP)",
        "description_localizations": undefined,
        "name": "image",
        "name_localizations": undefined,
        "required": true,
        "type": 11,
      },
    ],
    "type": 1,
  },
  {
    "description": "Import a character from JSON file",
    "description_localizations": undefined,
    "name": "import",
    "name_localizations": undefined,
    "options": [
      {
        "description": "JSON file containing character data",
        "description_localizations": undefined,
        "name": "file",
        "name_localizations": undefined,
        "required": true,
        "type": 11,
      },
      {
        "description": "Optional avatar image (PNG, JPG, GIF, WebP)",
        "description_localizations": undefined,
        "name": "avatar",
        "name_localizations": undefined,
        "required": false,
        "type": 11,
      },
    ],
    "type": 1,
  },
  {
    "description": "Export a character as JSON file",
    "description_localizations": undefined,
    "name": "export",
    "name_localizations": undefined,
    "options": [
      {
        "autocomplete": true,
        "choices": undefined,
        "description": "Character to export",
        "description_localizations": undefined,
        "max_length": undefined,
        "min_length": undefined,
        "name": "character",
        "name_localizations": undefined,
        "required": true,
        "type": 3,
      },
    ],
    "type": 1,
  },
  {
    "description": "Show the JSON template for character import",
    "description_localizations": undefined,
    "name": "template",
    "name_localizations": undefined,
    "options": [],
    "type": 1,
  },
  {
    "description": "Send a message to a character, or summon them to weigh in",
    "description_localizations": undefined,
    "name": "chat",
    "name_localizations": undefined,
    "options": [
      {
        "autocomplete": true,
        "choices": undefined,
        "description": "Character to chat with",
        "description_localizations": undefined,
        "max_length": undefined,
        "min_length": undefined,
        "name": "character",
        "name_localizations": undefined,
        "required": true,
        "type": 3,
      },
      {
        "autocomplete": undefined,
        "choices": undefined,
        "description": "Message to send (leave empty to have them weigh in on the conversation)",
        "description_localizations": undefined,
        "max_length": 2000,
        "min_length": undefined,
        "name": "message",
        "name_localizations": undefined,
        "required": false,
        "type": 3,
      },
    ],
    "type": 1,
  },
  {
    "description": "Open character settings dashboard (owner only)",
    "description_localizations": undefined,
    "name": "settings",
    "name_localizations": undefined,
    "options": [
      {
        "autocomplete": true,
        "choices": undefined,
        "description": "Character to manage",
        "description_localizations": undefined,
        "max_length": undefined,
        "min_length": undefined,
        "name": "character",
        "name_localizations": undefined,
        "required": true,
        "type": 3,
      },
    ],
    "type": 1,
  },
]
`;

exports[`CommandHandler (component) > command structure snapshots > should have stable /persona command structure > persona-command-options 1`] = `
[
  {
    "description": "View your current persona",
    "description_localizations": undefined,
    "name": "view",
    "name_localizations": undefined,
    "options": [],
    "type": 1,
  },
  {
    "description": "Edit a persona (default: your default persona)",
    "description_localizations": undefined,
    "name": "edit",
    "name_localizations": undefined,
    "options": [
      {
        "autocomplete": true,
        "choices": undefined,
        "description": "Which persona to edit (optional, defaults to your default)",
        "description_localizations": undefined,
        "max_length": undefined,
        "min_length": undefined,
        "name": "persona",
        "name_localizations": undefined,
        "required": false,
        "type": 3,
      },
    ],
    "type": 1,
  },
  {
    "description": "Create a new persona",
    "description_localizations": undefined,
    "name": "create",
    "name_localizations": undefined,
    "options": [],
    "type": 1,
  },
  {
    "description": "Browse all your personas",
    "description_localizations": undefined,
    "name": "browse",
    "name_localizations": undefined,
    "options": [],
    "type": 1,
  },
  {
    "description": "Set a persona as your default",
    "description_localizations": undefined,
    "name": "default",
    "name_localizations": undefined,
    "options": [
      {
        "autocomplete": true,
        "choices": undefined,
        "description": "The persona to set as default",
        "description_localizations": undefined,
        "max_length": undefined,
        "min_length": undefined,
        "name": "persona",
        "name_localizations": undefined,
        "required": true,
        "type": 3,
      },
    ],
    "type": 1,
  },
  {
    "description": "Enable/disable sharing memories across all personalities",
    "description_localizations": undefined,
    "name": "share-ltm",
    "name_localizations": undefined,
    "options": [
      {
        "autocomplete": undefined,
        "choices": [
          {
            "name": "Enable - Share memories with all personalities",
            "name_localizations": undefined,
            "value": "enable",
          },
          {
            "name": "Disable - Keep memories per personality (default)",
            "name_localizations": undefined,
            "value": "disable",
          },
        ],
        "description": "Enable or disable LTM sharing",
        "description_localizations": undefined,
        "max_length": undefined,
        "min_length": undefined,
        "name": "enabled",
        "name_localizations": undefined,
        "required": true,
        "type": 3,
      },
    ],
    "type": 1,
  },
  {
    "description": "Set different personas for specific personalities",
    "description_localizations": undefined,
    "name": "override",
    "name_localizations": undefined,
    "options": [
      {
        "description": "Set a different persona for a specific personality",
        "description_localizations": undefined,
        "name": "set",
        "name_localizations": undefined,
        "options": [
          {
            "autocomplete": true,
            "choices": undefined,
            "description": "The personality to override",
            "description_localizations": undefined,
            "max_length": undefined,
            "min_length": undefined,
            "name": "personality",
            "name_localizations": undefined,
            "required": true,
            "type": 3,
          },
          {
            "autocomplete": true,
            "choices": undefined,
            "description": "The persona to use (or create new)",
            "description_localizations": undefined,
            "max_length": undefined,
            "min_length": undefined,
            "name": "persona",
            "name_localizations": undefined,
            "required": true,
            "type": 3,
          },
        ],
        "type": 1,
      },
      {
        "description": "Clear persona override for a specific personality",
        "description_localizations": undefined,
        "name": "clear",
        "name_localizations": undefined,
        "options": [
          {
            "autocomplete": true,
            "choices": undefined,
            "description": "The personality to clear override for",
            "description_localizations": undefined,
            "max_length": undefined,
            "min_length": undefined,
            "name": "personality",
            "name_localizations": undefined,
            "required": true,
            "type": 3,
          },
        ],
        "type": 1,
      },
    ],
    "type": 2,
  },
]
`;

exports[`CommandHandler (component) > command structure snapshots > should have stable /settings command structure > settings-command-options 1`] = `
[
  {
    "description": "Manage your timezone settings",
    "description_localizations": undefined,
    "name": "timezone",
    "name_localizations": undefined,
    "options": [
      {
        "description": "Set your timezone",
        "description_localizations": undefined,
        "name": "set",
        "name_localizations": undefined,
        "options": [
          {
            "autocomplete": true,
            "choices": undefined,
            "description": "Your timezone (e.g., America/New_York)",
            "description_localizations": undefined,
            "max_length": undefined,
            "min_length": undefined,
            "name": "timezone",
            "name_localizations": undefined,
            "required": true,
            "type": 3,
          },
        ],
        "type": 1,
      },
      {
        "description": "Show your current timezone",
        "description_localizations": undefined,
        "name": "get",
        "name_localizations": undefined,
        "options": [],
        "type": 1,
      },
    ],
    "type": 2,
  },
  {
    "description": "Manage your API keys (BYOK - Bring Your Own Key)",
    "description_localizations": undefined,
    "name": "apikey",
    "name_localizations": undefined,
    "options": [
      {
        "description": "Set your API key for a provider",
        "description_localizations": undefined,
        "name": "set",
        "name_localizations": undefined,
        "options": [
          {
            "autocomplete": undefined,
            "choices": [
              {
                "name": "OpenRouter",
                "name_localizations": undefined,
                "value": "openrouter",
              },
            ],
            "description": "AI provider to configure",
            "description_localizations": undefined,
            "max_length": undefined,
            "min_length": undefined,
            "name": "provider",
            "name_localizations": undefined,
            "required": true,
            "type": 3,
          },
        ],
        "type": 1,
      },
      {
        "description": "Browse your configured API keys",
        "description_localizations": undefined,
        "name": "browse",
        "name_localizations": undefined,
        "options": [],
        "type": 1,
      },
      {
        "description": "Remove your API key for a provider",
        "description_localizations": undefined,
        "name": "remove",
        "name_localizations": undefined,
        "options": [
          {
            "autocomplete": undefined,
            "choices": [
              {
                "name": "OpenRouter",
                "name_localizations": undefined,
                "value": "openrouter",
              },
            ],
            "description": "AI provider to remove",
            "description_localizations": undefined,
            "max_length": undefined,
            "min_length": undefined,
            "name": "provider",
            "name_localizations": undefined,
            "required": true,
            "type": 3,
          },
        ],
        "type": 1,
      },
      {
        "description": "Test your API key validity",
        "description_localizations": undefined,
        "name": "test",
        "name_localizations": undefined,
        "options": [
          {
            "autocomplete": undefined,
            "choices": [
              {
                "name": "OpenRouter",
                "name_localizations": undefined,
                "value": "openrouter",
              },
            ],
            "description": "AI provider to test",
            "description_localizations": undefined,
            "max_length": undefined,
            "min_length": undefined,
            "name": "provider",
            "name_localizations": undefined,
            "required": true,
            "type": 3,
          },
        ],
        "type": 1,
      },
    ],
    "type": 2,
  },
  {
    "description": "Manage preset/model overrides",
    "description_localizations": undefined,
    "name": "preset",
    "name_localizations": undefined,
    "options": [
      {
        "description": "Browse your preset overrides",
        "description_localizations": undefined,
        "name": "browse",
        "name_localizations": undefined,
        "options": [],
        "type": 1,
      },
      {
        "description": "Override preset for a personality",
        "description_localizations": undefined,
        "name": "set",
        "name_localizations": undefined,
        "options": [
          {
            "autocomplete": true,
            "choices": undefined,
            "description": "The personality to override",
            "description_localizations": undefined,
            "max_length": undefined,
            "min_length": undefined,
            "name": "personality",
            "name_localizations": undefined,
            "required": true,
            "type": 3,
          },
          {
            "autocomplete": true,
            "choices": undefined,
            "description": "The preset to use",
            "description_localizations": undefined,
            "max_length": undefined,
            "min_length": undefined,
            "name": "preset",
            "name_localizations": undefined,
            "required": true,
            "type": 3,
          },
        ],
        "type": 1,
      },
      {
        "description": "Remove preset override for a personality",
        "description_localizations": undefined,
        "name": "reset",
        "name_localizations": undefined,
        "options": [
          {
            "autocomplete": true,
            "choices": undefined,
            "description": "The personality to reset",
            "description_localizations": undefined,
            "max_length": undefined,
            "min_length": undefined,
            "name": "personality",
            "name_localizations": undefined,
            "required": true,
            "type": 3,
          },
        ],
        "type": 1,
      },
      {
        "description": "Set your global default preset",
        "description_localizations": undefined,
        "name": "default",
        "name_localizations": undefined,
        "options": [
          {
            "autocomplete": true,
            "choices": undefined,
            "description": "The preset to use as default",
            "description_localizations": undefined,
            "max_length": undefined,
            "min_length": undefined,
            "name": "preset",
            "name_localizations": undefined,
            "required": true,
            "type": 3,
          },
        ],
        "type": 1,
      },
      {
        "description": "Clear your global default preset",
        "description_localizations": undefined,
        "name": "clear-default",
        "name_localizations": undefined,
        "options": [],
        "type": 1,
      },
    ],
    "type": 2,
  },
]
`;

exports[`CommandHandler (component) > command structure snapshots > should have stable /shapes command structure > shapes-command-options 1`] = `
[
  {
    "description": "Authenticate with your shapes.inc session cookie",
    "description_localizations": undefined,
    "name": "auth",
    "name_localizations": undefined,
    "options": [],
    "type": 1,
  },
  {
    "description": "Remove your stored shapes.inc credentials",
    "description_localizations": undefined,
    "name": "logout",
    "name_localizations": undefined,
    "options": [],
    "type": 1,
  },
  {
    "description": "Browse your owned shapes.inc characters",
    "description_localizations": undefined,
    "name": "browse",
    "name_localizations": undefined,
    "options": [],
    "type": 1,
  },
  {
    "description": "Import a shapes.inc character into Tzurot",
    "description_localizations": undefined,
    "name": "import",
    "name_localizations": undefined,
    "options": [
      {
        "autocomplete": true,
        "choices": undefined,
        "description": "The shapes.inc character username/slug",
        "description_localizations": undefined,
        "max_length": undefined,
        "min_length": undefined,
        "name": "slug",
        "name_localizations": undefined,
        "required": true,
        "type": 3,
      },
      {
        "autocomplete": undefined,
        "choices": [
          {
            "name": "Full Character",
            "name_localizations": undefined,
            "value": "full",
          },
          {
            "name": "Memory Only",
            "name_localizations": undefined,
            "value": "memory_only",
          },
        ],
        "description": "Import type (default: full)",
        "description_localizations": undefined,
        "max_length": undefined,
        "min_length": undefined,
        "name": "import_type",
        "name_localizations": undefined,
        "required": false,
        "type": 3,
      },
    ],
    "type": 1,
  },
  {
    "description": "Export a shapes.inc character data",
    "description_localizations": undefined,
    "name": "export",
    "name_localizations": undefined,
    "options": [
      {
        "autocomplete": true,
        "choices": undefined,
        "description": "The shapes.inc character username/slug",
        "description_localizations": undefined,
        "max_length": undefined,
        "min_length": undefined,
        "name": "slug",
        "name_localizations": undefined,
        "required": true,
        "type": 3,
      },
      {
        "autocomplete": undefined,
        "choices": [
          {
            "name": "JSON",
            "name_localizations": undefined,
            "value": "json",
          },
          {
            "name": "Markdown",
            "name_localizations": undefined,
            "value": "markdown",
          },
        ],
        "description": "Export format (default: json)",
        "description_localizations": undefined,
        "max_length": undefined,
        "min_length": undefined,
        "name": "format",
        "name_localizations": undefined,
        "required": false,
        "type": 3,
      },
    ],
    "type": 1,
  },
  {
    "description": "View credential status and import history",
    "description_localizations": undefined,
    "name": "status",
    "name_localizations": undefined,
    "options": [],
    "type": 1,
  },
]
`;

exports[`CommandHandler (component) > command structure snapshots > should have stable command count > total-command-count 1`] = `12`;
